{
    "name": "ConfigTableStorageadpselfhosted",
    "properties": {
        "linkedServiceName": {
            "referenceName": "ConfigTableStorageadp-self-hosted",
            "type": "LinkedServiceReference",
            "parameters": {}
        },
        "parameters": {
            "TableName": {
                "type": "string"
            }
        },
        "annotations": [],
        "type": "AzureTable",
        "schema": [],
        "typeProperties": {
            "tableName": {
                "value": "@dataset().TableName",
                "type": "Expression"
            }
        }
    },
    "type": "Microsoft.DataFactory/factories/datasets"
}