{
    "name": "Each Week - Sun Tue Thur - 0600",
    "properties": {
        "annotations": ["ManagedByIngeniiADFG"],
        "runtimeState": "Started",
        "pipelines": [
            {
                "pipelineReference": {
                    "referenceName": "example-data-provider-1-table1",
                    "type": "PipelineReference"
                }
            },
            {
                "pipelineReference": {
                    "referenceName": "example-data-provider-1-table2",
                    "type": "PipelineReference"
                }
            }
        ],
        "type": "ScheduleTrigger",
        "typeProperties": {
            "recurrence": {
                "frequency": "Week",
                "interval": 1,
                "startTime": "2021-01-01T00:00:00Z",
                "timeZone": "UTC",
                "schedule": {
                    "hours": [6],
                    "minutes": [0],
                    "weekDays": [
                        "Sunday",
                        "Tuesday",
                        "Thursday"
                    ]
                }
            }
        }
    }
}