{
	"name": "Credentials Storeadp-self-hosted",
	"type": "Microsoft.DataFactory/factories/linkedservices",
	"properties": {
		"annotations": ["ManagedByIngeniiADFG"],
		"type": "AzureKeyVault",
		"typeProperties": {
			"baseUrl": "https://examplekeyvaultname.vault.azure.net/"
        },
        "connectVia": {
            "referenceName": "adp-self-hosted",
            "type": "IntegrationRuntimeReference"
        }
	}
}