{
	"name": "Credentials Store",
	"type": "Microsoft.DataFactory/factories/linkedservices",
	"properties": {
		"annotations": ["ManagedByIngeniiADFG"],
		"type": "AzureKeyVault",
		"typeProperties": {
			"baseUrl": "https://examplekeyvaultname.vault.azure.net/"
        }
	}
}