{
    "name": "DataLakeadp-self-hosted",
    "type": "Microsoft.DataFactory/factories/linkedservices",
    "properties": {
        "annotations": ["ManagedByIngeniiADFG"],
        "type": "AzureBlobFS",
        "typeProperties": {
            "url": "https://exampledatalakename.dfs.core.windows.net"
        },
        "connectVia": {
            "referenceName": "adp-self-hosted",
            "type": "IntegrationRuntimeReference"
        }
    }
}