{
    "name": "DataLakeFolder",
    "properties": {
        "linkedServiceName": {
            "referenceName": "DataLake",
            "type": "LinkedServiceReference"
        },
        "parameters": {
            "Container": {
                "type": "string"
            },
            "FolderPath": {
                "type": "string"
            }
        },
        "annotations": ["ManagedByIngeniiADFG"],
        "type": "Binary",
        "typeProperties": {
            "location": {
                "type": "AzureBlobFSLocation",
                "folderPath": {
                    "value": "@dataset().FolderPath",
                    "type": "Expression"
                },
                "fileSystem": {
                    "value": "@dataset().Container",
                    "type": "Expression"
                }
            }
        }
    }
}