{
    "name": "ConfigTableStorageadp-self-hosted",
    "type": "Microsoft.DataFactory/factories/linkedservices",
    "properties": {
        "annotations": ["ManagedByIngeniiADFG"],
        "type": "AzureTableStorage",
        "typeProperties": {
            "sasUri": {
                "type": "AzureKeyVaultSecret",
                "store": {
                    "referenceName": "Credentials Storeadp-self-hosted",
                    "type": "LinkedServiceReference"
                },
                "secretName": "datalake-table-storage-sas-uri"
            }
        },
        "connectVia": {
            "referenceName": "adp-self-hosted",
            "type": "IntegrationRuntimeReference"
        }
    }
}