{
    "name": "DataLakeadp-self-hosted",
    "type": "Microsoft.DataFactory/factories/linkedservices",
    "properties": {
        "annotations": ["ManagedByIngeniiADFG"],
        "parameters": {
            "Name": {
                "type": "String"
            }
        },
        "type": "AzureBlobFS",
        "typeProperties": {
            "url": "https://@{linkedService().Name}.dfs.core.windows.net"
        },
        "connectVia": {
            "referenceName": "adp-self-hosted",
            "type": "IntegrationRuntimeReference"
        }
    }
}