{
    "name": "SFTPBasicKeyVault",
    "properties": {
        "type": "Sftp",
        "parameters": {
            "Host": {
                "type": "String"
            },
            "KeyVaultName": {
                "type": "String"
            },
            "KeyVaultSecretName": {
                "type": "String"
            },
            "UserName": {
                "type": "String"
            }
        },
        "annotations": [],
        "typeProperties": {
            "host": "@{linkedService().Host}",
            "port": 22,
            "skipHostKeyValidation": true,
            "authenticationType": "Basic",
            "userName": "@{linkedService().UserName}",
            "password": {
                "type": "AzureKeyVaultSecret",
                "store": {
                    "referenceName": "@{linkedService().KeyVaultName}",
                    "type": "LinkedServiceReference"
                },
                "secretName": "@{linkedService().KeyVaultSecretName}"
            }
        }
    }
}