{
    "name": "adp-self-hosted",
    "properties": {
        "type": "SelfHosted"
    }
}